#-----------------------------------------------------------
# Vivado v2021.2 (64-bit)
# SW Build 3367213 on Tue Oct 19 02:48:09 MDT 2021
# IP Build 3369179 on Thu Oct 21 08:25:16 MDT 2021
# Start of session at: Fri Jan 14 23:41:05 2022
# Process ID: 2416
# Current directory: C:/Users/julio/OneDrive/Documents/GitHub/Trabajo-VHDL/Maquina_Expendedora_2
# Command line: vivado.exe -gui_launcher_event rodinguilauncherevent18512 C:\Users\julio\OneDrive\Documents\GitHub\Trabajo-VHDL\Maquina_Expendedora_2\TrabajoExpendedora2.xpr
# Log file: C:/Users/julio/OneDrive/Documents/GitHub/Trabajo-VHDL/Maquina_Expendedora_2/vivado.log
# Journal file: C:/Users/julio/OneDrive/Documents/GitHub/Trabajo-VHDL/Maquina_Expendedora_2\vivado.jou
# Running On: DESKTOP-NETJ0H3, OS: Windows, CPU Frequency: 3194 MHz, CPU Physical cores: 16, Host memory: 34287 MB
#-----------------------------------------------------------
start_gui
open_project C:/Users/julio/OneDrive/Documents/GitHub/Trabajo-VHDL/Maquina_Expendedora_2/TrabajoExpendedora2.xpr
update_compile_order -fileset sources_1
set_property SOURCE_SET sources_1 [get_filesets sim_1]
add_files -fileset sim_1 -norecurse {C:/Users/julio/OneDrive/Documents/GitHub/Trabajo-VHDL/Maquina_Expendedora_2/TrabajoExpendedora2.srcs/sim_1/new/fsm_tb.vhd C:/Users/julio/OneDrive/Documents/GitHub/Trabajo-VHDL/Maquina_Expendedora_2/TrabajoExpendedora2.srcs/sim_1/new/temporizador_tb.vhd C:/Users/julio/OneDrive/Documents/GitHub/Trabajo-VHDL/Maquina_Expendedora_2/TrabajoExpendedora2.srcs/sim_1/new/maquina_tb.vhd}
update_compile_order -fileset sim_1
# Disabling source management mode.  This is to allow the top design properties to be set without GUI intervention.
set_property source_mgmt_mode None [current_project]
set_property top fsm_tb [get_filesets sim_1]
set_property top_lib xil_defaultlib [get_filesets sim_1]
# Re-enabling previously disabled source management mode.
set_property source_mgmt_mode All [current_project]
update_compile_order -fileset sim_1
# Disabling source management mode.  This is to allow the top design properties to be set without GUI intervention.
set_property source_mgmt_mode None [current_project]
set_property top fsm [current_fileset]
# Re-enabling previously disabled source management mode.
set_property source_mgmt_mode All [current_project]
update_compile_order -fileset sources_1
launch_simulation
source fsm_tb.tcl
close_sim
# Disabling source management mode.  This is to allow the top design properties to be set without GUI intervention.
set_property source_mgmt_mode None [current_project]
set_property top top [current_fileset]
# Re-enabling previously disabled source management mode.
set_property source_mgmt_mode All [current_project]
update_compile_order -fileset sources_1
# Disabling source management mode.  This is to allow the top design properties to be set without GUI intervention.
set_property source_mgmt_mode None [current_project]
set_property top top_tb [get_filesets sim_1]
set_property top_lib xil_defaultlib [get_filesets sim_1]
# Re-enabling previously disabled source management mode.
set_property source_mgmt_mode All [current_project]
update_compile_order -fileset sim_1
# Disabling source management mode.  This is to allow the top design properties to be set without GUI intervention.
set_property source_mgmt_mode None [current_project]
set_property top maquina_tb [get_filesets sim_1]
set_property top_lib xil_defaultlib [get_filesets sim_1]
# Re-enabling previously disabled source management mode.
set_property source_mgmt_mode All [current_project]
update_compile_order -fileset sim_1
# Disabling source management mode.  This is to allow the top design properties to be set without GUI intervention.
set_property source_mgmt_mode None [current_project]
set_property top fsm [current_fileset]
# Re-enabling previously disabled source management mode.
set_property source_mgmt_mode All [current_project]
# Disabling source management mode.  This is to allow the top design properties to be set without GUI intervention.
set_property source_mgmt_mode None [current_project]
set_property top maquina [current_fileset]
# Re-enabling previously disabled source management mode.
set_property source_mgmt_mode All [current_project]
update_compile_order -fileset sources_1
launch_simulation
source maquina_tb.tcl
close_sim
# Disabling source management mode.  This is to allow the top design properties to be set without GUI intervention.
set_property source_mgmt_mode None [current_project]
set_property top top [current_fileset]
# Re-enabling previously disabled source management mode.
set_property source_mgmt_mode All [current_project]
update_compile_order -fileset sources_1
# Disabling source management mode.  This is to allow the top design properties to be set without GUI intervention.
set_property source_mgmt_mode None [current_project]
set_property top top_tb [get_filesets sim_1]
set_property top_lib xil_defaultlib [get_filesets sim_1]
# Re-enabling previously disabled source management mode.
set_property source_mgmt_mode All [current_project]
update_compile_order -fileset sim_1
launch_simulation
launch_simulation
launch_simulation
launch_simulation
launch_simulation
source top_tb.tcl
close_sim
launch_simulation
source top_tb.tcl
close_sim
