#-----------------------------------------------------------
# Vivado v2021.1 (64-bit)
# SW Build 3247384 on Thu Jun 10 19:36:33 MDT 2021
# IP Build 3246043 on Fri Jun 11 00:30:35 MDT 2021
# Start of session at: Thu Dec 30 09:39:29 2021
# Process ID: 17296
# Current directory: D:/TRABAJOS SED/GitHub/Trabajo-VHDL/Maquina_Expendedora
# Command line: vivado.exe -gui_launcher_event rodinguilauncherevent796 D:\TRABAJOS SED\GitHub\Trabajo-VHDL\Maquina_Expendedora\Maquina_Expendedora.xpr
# Log file: D:/TRABAJOS SED/GitHub/Trabajo-VHDL/Maquina_Expendedora/vivado.log
# Journal file: D:/TRABAJOS SED/GitHub/Trabajo-VHDL/Maquina_Expendedora\vivado.jou
#-----------------------------------------------------------
ststart_guopopen_project {D:/TRABAJOS SED/GitHub/Trabajo-VHDL/Maquina_Expendedora/Maquina_Expendedora.xprupupdate_compile_order -fileset sources_add_files -norecurse {{D:/TRABAJOS SED/GitHub/Trabajo-VHDL/Maquina_Expendedora/Maquina_Expendedora.srcs/sources_1/new/temporizador.vhd} {D:/TRABAJOS SED/GitHub/Trabajo-VHDL/Maquina_Expendedora/Maquina_Expendedora.srcs/sources_1/new/maquina.vhd} {D:/TRABAJOS SED/GitHub/Trabajo-VHDL/Maquina_Expendedora/Maquina_Expendedora.srcs/sources_1/new/display.vhd}}
update_compile_order -fileset sources_1
